// Jest Snapshot v1, https://goo.gl/fbAQLP

exports[`render the UI as expected 1`] = `
<main
  className="App"
>
  <header
    className="App-header"
  >
    <h1>
      Trelloyes!
    </h1>
  </header>
  <div
    className="App-list"
  />
</main>
`;
